// Jest Snapshot v1, https://goo.gl/fbAQLP

exports[`Pages.App.App:  should render component 1`] = `
Array [
  <div
    className="app-header-layout"
  >
    <div
      className="app-header-layout__logo"
    >
      <h1
        className="app-logo"
      >
        React movie
      </h1>
    </div>
    <div
      className="app-header__top-right"
    >
      <button
        className="MuiButtonBase-root MuiButton-root MuiButton-text app-add-movie-button"
        disabled={false}
        onBlur={[Function]}
        onClick={[Function]}
        onDragLeave={[Function]}
        onFocus={[Function]}
        onKeyDown={[Function]}
        onKeyUp={[Function]}
        onMouseDown={[Function]}
        onMouseLeave={[Function]}
        onMouseUp={[Function]}
        onTouchEnd={[Function]}
        onTouchMove={[Function]}
        onTouchStart={[Function]}
        tabIndex={0}
        type="button"
      >
        <span
          className="MuiButton-label"
        >
          <svg
            aria-hidden={true}
            className="MuiSvgIcon-root"
            focusable="false"
            viewBox="0 0 24 24"
          >
            <path
              d="M19 13h-6v6h-2v-6H5v-2h6V5h2v6h6v2z"
            />
          </svg>
           Add movie
        </span>
      </button>
    </div>
    <div
      className="app-header__container"
    >
      <div
        className="app-search-panel"
      >
        <h3
          className="app-search-panel__name"
        >
          Find your movie
        </h3>
        <form
          className="app-search-panel__form"
          onSubmit={[Function]}
        >
          <div
            className="MuiFormControl-root MuiTextField-root app-search-panel__form-field"
          >
            <div
              className="MuiInputBase-root MuiFilledInput-root MuiFilledInput-underline MuiInputBase-formControl"
              onClick={[Function]}
            >
              <input
                aria-invalid={false}
                autoFocus={false}
                className="MuiInputBase-input MuiFilledInput-input"
                disabled={false}
                name="searchInput"
                onAnimationStart={[Function]}
                onBlur={[Function]}
                onChange={[Function]}
                onFocus={[Function]}
                placeholder="What do you want to watch?"
                required={false}
                type="text"
                value=""
              />
            </div>
          </div>
          <button
            className="MuiButtonBase-root MuiButton-root MuiButton-text app-search-panel__form-button"
            disabled={false}
            onBlur={[Function]}
            onDragLeave={[Function]}
            onFocus={[Function]}
            onKeyDown={[Function]}
            onKeyUp={[Function]}
            onMouseDown={[Function]}
            onMouseLeave={[Function]}
            onMouseUp={[Function]}
            onTouchEnd={[Function]}
            onTouchMove={[Function]}
            onTouchStart={[Function]}
            tabIndex={0}
            type="submit"
          >
            <span
              className="MuiButton-label"
            >
              Search
            </span>
          </button>
        </form>
      </div>
    </div>
  </div>,
  <div
    className="MuiBox-root MuiBox-root-1 app-main-layout"
  >
    <div
      className="app-movies-filter"
    >
      <div
        className="app-movies-filter__tab-panel"
      >
        <div
          aria-label="text alignment"
          className="MuiToggleButtonGroup-root app-filter-buttons"
          role="group"
        >
          <button
            aria-pressed={true}
            className="MuiButtonBase-root MuiToggleButton-root MuiToggleButtonGroup-grouped MuiToggleButtonGroup-groupedHorizontal app-filter-buttons__toggle-button Mui-selected"
            disabled={false}
            onBlur={[Function]}
            onChange={[Function]}
            onClick={[Function]}
            onDragLeave={[Function]}
            onFocus={[Function]}
            onKeyDown={[Function]}
            onKeyUp={[Function]}
            onMouseDown={[Function]}
            onMouseLeave={[Function]}
            onMouseUp={[Function]}
            onTouchEnd={[Function]}
            onTouchMove={[Function]}
            onTouchStart={[Function]}
            tabIndex={0}
            type="button"
            value="All"
          >
            <span
              className="MuiToggleButton-label"
            >
              All
            </span>
          </button>
          <button
            aria-pressed={false}
            className="MuiButtonBase-root MuiToggleButton-root MuiToggleButtonGroup-grouped MuiToggleButtonGroup-groupedHorizontal app-filter-buttons__toggle-button"
            disabled={false}
            onBlur={[Function]}
            onChange={[Function]}
            onClick={[Function]}
            onDragLeave={[Function]}
            onFocus={[Function]}
            onKeyDown={[Function]}
            onKeyUp={[Function]}
            onMouseDown={[Function]}
            onMouseLeave={[Function]}
            onMouseUp={[Function]}
            onTouchEnd={[Function]}
            onTouchMove={[Function]}
            onTouchStart={[Function]}
            tabIndex={0}
            type="button"
            value="Romantic"
          >
            <span
              className="MuiToggleButton-label"
            >
              Romantic
            </span>
          </button>
        </div>
      </div>
      <div
        className="app-movies-filter__select-panel"
      >
        <div
          className="app-filter-select__prefix"
        >
          Sort by
        </div>
        <div
          className="MuiFormControl-root app-filter-select__control"
        >
          <div
            className="MuiInputBase-root MuiInput-root MuiInput-underline app-filter-select__select MuiInputBase-formControl MuiInput-formControl"
            onClick={[Function]}
          >
            <div
              aria-haspopup="listbox"
              className="MuiSelect-root MuiSelect-select MuiSelect-selectMenu MuiInputBase-input MuiInput-input"
              onBlur={[Function]}
              onFocus={[Function]}
              onKeyDown={[Function]}
              onMouseDown={[Function]}
              role="button"
              tabIndex={0}
            >
              Rating
            </div>
            <input
              aria-hidden={true}
              className="MuiSelect-nativeInput"
              onAnimationStart={[Function]}
              onChange={[Function]}
              required={false}
              tabIndex={-1}
              value="Rating"
            />
            <svg
              aria-hidden={true}
              className="MuiSvgIcon-root MuiSelect-icon"
              focusable="false"
              viewBox="0 0 24 24"
            >
              <path
                d="M7 10l5 5 5-5z"
              />
            </svg>
          </div>
        </div>
      </div>
      <div
        className="app-movies-filter__count"
      >
        <span
          className="app-filter-count"
        >
          3000
        </span>
         movies found
      </div>
      <div
        className="app-movies-filter__pagination"
      />
      <div
        className="app-movies-filter__separator"
      />
    </div>
    <div
      className="app-no-movies"
    >
      No Movies found
    </div>
  </div>,
  <div
    className="app-footer"
  >
    React movie
  </div>,
  <div
    className="notifications-wrapper"
    style={Object {}}
  />,
]
`;
